MSBuild version 17.14.40+3e7442088 for .NET Framework

  parser.cpp
D:\project\tutorial\flux\src\parser\parser.cpp(157,29): warning C4267: '=': conversion from 'size_t' to 'uint32_t', possible loss of data [D:\project\tutorial\flux\build\flux_core.vcxproj]
D:\project\tutorial\flux\src\parser\parser.cpp(158,31): warning C4267: '=': conversion from 'size_t' to 'uint32_t', possible loss of data [D:\project\tutorial\flux\build\flux_core.vcxproj]
D:\project\tutorial\flux\src\parser\parser.cpp(174,32): warning C4267: '=': conversion from 'size_t' to 'uint32_t', possible loss of data [D:\project\tutorial\flux\build\flux_core.vcxproj]
D:\project\tutorial\flux\src\parser\parser.cpp(175,34): warning C4267: '=': conversion from 'size_t' to 'uint32_t', possible loss of data [D:\project\tutorial\flux\build\flux_core.vcxproj]
D:\project\tutorial\flux\src\parser\parser.cpp(181,28): warning C4267: '=': conversion from 'size_t' to 'uint32_t', possible loss of data [D:\project\tutorial\flux\build\flux_core.vcxproj]
D:\project\tutorial\flux\src\parser\parser.cpp(182,30): warning C4267: '=': conversion from 'size_t' to 'uint32_t', possible loss of data [D:\project\tutorial\flux\build\flux_core.vcxproj]
D:\project\tutorial\flux\src\parser\parser.cpp(192,28): warning C4267: '=': conversion from 'size_t' to 'uint32_t', possible loss of data [D:\project\tutorial\flux\build\flux_core.vcxproj]
D:\project\tutorial\flux\src\parser\parser.cpp(193,30): warning C4267: '=': conversion from 'size_t' to 'uint32_t', possible loss of data [D:\project\tutorial\flux\build\flux_core.vcxproj]
D:\project\tutorial\flux\src\parser\parser.cpp(215,32): warning C4267: '=': conversion from 'size_t' to 'uint32_t', possible loss of data [D:\project\tutorial\flux\build\flux_core.vcxproj]
D:\project\tutorial\flux\src\parser\parser.cpp(216,34): warning C4267: '=': conversion from 'size_t' to 'uint32_t', possible loss of data [D:\project\tutorial\flux\build\flux_core.vcxproj]
D:\project\tutorial\flux\src\parser\parser.cpp(233,27): warning C4267: '=': conversion from 'size_t' to 'uint32_t', possible loss of data [D:\project\tutorial\flux\build\flux_core.vcxproj]
D:\project\tutorial\flux\src\parser\parser.cpp(234,29): warning C4267: '=': conversion from 'size_t' to 'uint32_t', possible loss of data [D:\project\tutorial\flux\build\flux_core.vcxproj]
D:\project\tutorial\flux\src\parser\parser.cpp(241,27): warning C4267: '=': conversion from 'size_t' to 'uint32_t', possible loss of data [D:\project\tutorial\flux\build\flux_core.vcxproj]
D:\project\tutorial\flux\src\parser\parser.cpp(242,29): warning C4267: '=': conversion from 'size_t' to 'uint32_t', possible loss of data [D:\project\tutorial\flux\build\flux_core.vcxproj]
D:\project\tutorial\flux\src\parser\parser.cpp(247,27): warning C4267: '=': conversion from 'size_t' to 'uint32_t', possible loss of data [D:\project\tutorial\flux\build\flux_core.vcxproj]
D:\project\tutorial\flux\src\parser\parser.cpp(248,29): warning C4267: '=': conversion from 'size_t' to 'uint32_t', possible loss of data [D:\project\tutorial\flux\build\flux_core.vcxproj]
D:\project\tutorial\flux\src\parser\parser.cpp(253,27): warning C4267: '=': conversion from 'size_t' to 'uint32_t', possible loss of data [D:\project\tutorial\flux\build\flux_core.vcxproj]
D:\project\tutorial\flux\src\parser\parser.cpp(254,29): warning C4267: '=': conversion from 'size_t' to 'uint32_t', possible loss of data [D:\project\tutorial\flux\build\flux_core.vcxproj]
D:\project\tutorial\flux\src\parser\parser.cpp(261,25): warning C4267: '=': conversion from 'size_t' to 'uint32_t', possible loss of data [D:\project\tutorial\flux\build\flux_core.vcxproj]
D:\project\tutorial\flux\src\parser\parser.cpp(262,27): warning C4267: '=': conversion from 'size_t' to 'uint32_t', possible loss of data [D:\project\tutorial\flux\build\flux_core.vcxproj]
D:\project\tutorial\flux\src\parser\parser.cpp(270,25): warning C4267: '=': conversion from 'size_t' to 'uint32_t', possible loss of data [D:\project\tutorial\flux\build\flux_core.vcxproj]
D:\project\tutorial\flux\src\parser\parser.cpp(271,27): warning C4267: '=': conversion from 'size_t' to 'uint32_t', possible loss of data [D:\project\tutorial\flux\build\flux_core.vcxproj]
D:\project\tutorial\flux\src\parser\parser.cpp(279,25): warning C4267: '=': conversion from 'size_t' to 'uint32_t', possible loss of data [D:\project\tutorial\flux\build\flux_core.vcxproj]
D:\project\tutorial\flux\src\parser\parser.cpp(280,27): warning C4267: '=': conversion from 'size_t' to 'uint32_t', possible loss of data [D:\project\tutorial\flux\build\flux_core.vcxproj]
D:\project\tutorial\flux\src\parser\parser.cpp(306,27): warning C4267: '=': conversion from 'size_t' to 'uint32_t', possible loss of data [D:\project\tutorial\flux\build\flux_core.vcxproj]
D:\project\tutorial\flux\src\parser\parser.cpp(307,29): warning C4267: '=': conversion from 'size_t' to 'uint32_t', possible loss of data [D:\project\tutorial\flux\build\flux_core.vcxproj]
D:\project\tutorial\flux\src\parser\parser.cpp(321,27): warning C4267: '=': conversion from 'size_t' to 'uint32_t', possible loss of data [D:\project\tutorial\flux\build\flux_core.vcxproj]
D:\project\tutorial\flux\src\parser\parser.cpp(322,29): warning C4267: '=': conversion from 'size_t' to 'uint32_t', possible loss of data [D:\project\tutorial\flux\build\flux_core.vcxproj]
D:\project\tutorial\flux\src\parser\parser.cpp(331,31): warning C4267: '=': conversion from 'size_t' to 'uint32_t', possible loss of data [D:\project\tutorial\flux\build\flux_core.vcxproj]
D:\project\tutorial\flux\src\parser\parser.cpp(332,33): warning C4267: '=': conversion from 'size_t' to 'uint32_t', possible loss of data [D:\project\tutorial\flux\build\flux_core.vcxproj]
D:\project\tutorial\flux\src\parser\parser.cpp(337,31): warning C4267: '=': conversion from 'size_t' to 'uint32_t', possible loss of data [D:\project\tutorial\flux\build\flux_core.vcxproj]
D:\project\tutorial\flux\src\parser\parser.cpp(338,33): warning C4267: '=': conversion from 'size_t' to 'uint32_t', possible loss of data [D:\project\tutorial\flux\build\flux_core.vcxproj]
D:\project\tutorial\flux\src\parser\parser.cpp(343,31): warning C4267: '=': conversion from 'size_t' to 'uint32_t', possible loss of data [D:\project\tutorial\flux\build\flux_core.vcxproj]
D:\project\tutorial\flux\src\parser\parser.cpp(344,33): warning C4267: '=': conversion from 'size_t' to 'uint32_t', possible loss of data [D:\project\tutorial\flux\build\flux_core.vcxproj]
D:\project\tutorial\flux\src\parser\parser.cpp(349,31): warning C4267: '=': conversion from 'size_t' to 'uint32_t', possible loss of data [D:\project\tutorial\flux\build\flux_core.vcxproj]
D:\project\tutorial\flux\src\parser\parser.cpp(350,33): warning C4267: '=': conversion from 'size_t' to 'uint32_t', possible loss of data [D:\project\tutorial\flux\build\flux_core.vcxproj]
D:\project\tutorial\flux\src\parser\parser.cpp(360,27): warning C4267: '=': conversion from 'size_t' to 'uint32_t', possible loss of data [D:\project\tutorial\flux\build\flux_core.vcxproj]
D:\project\tutorial\flux\src\parser\parser.cpp(361,29): warning C4267: '=': conversion from 'size_t' to 'uint32_t', possible loss of data [D:\project\tutorial\flux\build\flux_core.vcxproj]
D:\project\tutorial\flux\src\parser\parser.cpp(590,13): error C2059: syntax error: 'if' [D:\project\tutorial\flux\build\flux_core.vcxproj]
D:\project\tutorial\flux\src\parser\parser.cpp(590,27): error C2143: syntax error: missing ';' before '{' [D:\project\tutorial\flux\build\flux_core.vcxproj]
D:\project\tutorial\flux\src\parser\parser.cpp(590,27): error C2447: '{': missing function header (old-style formal list?) [D:\project\tutorial\flux\build\flux_core.vcxproj]
D:\project\tutorial\flux\src\parser\parser.cpp(593,15): error C2059: syntax error: 'else' [D:\project\tutorial\flux\build\flux_core.vcxproj]
D:\project\tutorial\flux\src\parser\parser.cpp(593,20): error C2143: syntax error: missing ';' before '{' [D:\project\tutorial\flux\build\flux_core.vcxproj]
D:\project\tutorial\flux\src\parser\parser.cpp(593,20): error C2447: '{': missing function header (old-style formal list?) [D:\project\tutorial\flux\build\flux_core.vcxproj]
D:\project\tutorial\flux\src\parser\parser.cpp(596,11): error C2059: syntax error: 'else' [D:\project\tutorial\flux\build\flux_core.vcxproj]
D:\project\tutorial\flux\src\parser\parser.cpp(596,16): error C2143: syntax error: missing ';' before '{' [D:\project\tutorial\flux\build\flux_core.vcxproj]
D:\project\tutorial\flux\src\parser\parser.cpp(596,16): error C2447: '{': missing function header (old-style formal list?) [D:\project\tutorial\flux\build\flux_core.vcxproj]
D:\project\tutorial\flux\src\parser\parser.cpp(599,5): error C2059: syntax error: '}' [D:\project\tutorial\flux\build\flux_core.vcxproj]
D:\project\tutorial\flux\src\parser\parser.cpp(599,5): error C2143: syntax error: missing ';' before '}' [D:\project\tutorial\flux\build\flux_core.vcxproj]
D:\project\tutorial\flux\src\parser\parser.cpp(602,1): error C2059: syntax error: '}' [D:\project\tutorial\flux\build\flux_core.vcxproj]
D:\project\tutorial\flux\src\parser\parser.cpp(602,1): error C2143: syntax error: missing ';' before '}' [D:\project\tutorial\flux\build\flux_core.vcxproj]
D:\project\tutorial\flux\src\parser\parser.cpp(604,1): error C2653: 'ast': is not a class or namespace name [D:\project\tutorial\flux\build\flux_core.vcxproj]
D:\project\tutorial\flux\src\parser\parser.cpp(604,14): error C2653: 'Parser': is not a class or namespace name [D:\project\tutorial\flux\build\flux_core.vcxproj]
D:\project\tutorial\flux\src\parser\parser.cpp(604,53): error C2143: syntax error: missing ';' before '{' [D:\project\tutorial\flux\build\flux_core.vcxproj]
D:\project\tutorial\flux\src\parser\parser.cpp(604,53): error C2447: '{': missing function header (old-style formal list?) [D:\project\tutorial\flux\build\flux_core.vcxproj]
D:\project\tutorial\flux\src\parser\parser.cpp(643,1): error C2653: 'ast': is not a class or namespace name [D:\project\tutorial\flux\build\flux_core.vcxproj]
D:\project\tutorial\flux\src\parser\parser.cpp(643,13): error C2653: 'Parser': is not a class or namespace name [D:\project\tutorial\flux\build\flux_core.vcxproj]
D:\project\tutorial\flux\src\parser\parser.cpp(643,6): error C4430: missing type specifier - int assumed. Note: C++ does not support default-int [D:\project\tutorial\flux\build\flux_core.vcxproj]
D:\project\tutorial\flux\src\parser\parser.cpp(643,21): error C2146: syntax error: missing ';' before identifier 'parse_module' [D:\project\tutorial\flux\build\flux_core.vcxproj]
D:\project\tutorial\flux\src\parser\parser.cpp(643,36): error C2143: syntax error: missing ';' before '{' [D:\project\tutorial\flux\build\flux_core.vcxproj]
D:\project\tutorial\flux\src\parser\parser.cpp(643,36): error C2447: '{': missing function header (old-style formal list?) [D:\project\tutorial\flux\build\flux_core.vcxproj]
D:\project\tutorial\flux\src\parser\parser.cpp(714,1): error C2653: 'ast': is not a class or namespace name [D:\project\tutorial\flux\build\flux_core.vcxproj]
D:\project\tutorial\flux\src\parser\parser.cpp(714,13): error C2653: 'Parser': is not a class or namespace name [D:\project\tutorial\flux\build\flux_core.vcxproj]
D:\project\tutorial\flux\src\parser\parser.cpp(714,6): error C4430: missing type specifier - int assumed. Note: C++ does not support default-int [D:\project\tutorial\flux\build\flux_core.vcxproj]
D:\project\tutorial\flux\src\parser\parser.cpp(714,21): error C2146: syntax error: missing ';' before identifier 'parse_import' [D:\project\tutorial\flux\build\flux_core.vcxproj]
D:\project\tutorial\flux\src\parser\parser.cpp(714,36): error C2143: syntax error: missing ';' before '{' [D:\project\tutorial\flux\build\flux_core.vcxproj]
D:\project\tutorial\flux\src\parser\parser.cpp(714,36): error C2447: '{': missing function header (old-style formal list?) [D:\project\tutorial\flux\build\flux_core.vcxproj]
D:\project\tutorial\flux\src\parser\parser.cpp(732,1): error C2653: 'ast': is not a class or namespace name [D:\project\tutorial\flux\build\flux_core.vcxproj]
D:\project\tutorial\flux\src\parser\parser.cpp(732,19): error C2653: 'Parser': is not a class or namespace name [D:\project\tutorial\flux\build\flux_core.vcxproj]
D:\project\tutorial\flux\src\parser\parser.cpp(732,6): error C4430: missing type specifier - int assumed. Note: C++ does not support default-int [D:\project\tutorial\flux\build\flux_core.vcxproj]
D:\project\tutorial\flux\src\parser\parser.cpp(732,27): error C2146: syntax error: missing ';' before identifier 'parse_function' [D:\project\tutorial\flux\build\flux_core.vcxproj]
D:\project\tutorial\flux\src\parser\parser.cpp(732,42): error C2653: 'ast': is not a class or namespace name [D:\project\tutorial\flux\build\flux_core.vcxproj]
D:\project\tutorial\flux\src\parser\parser.cpp(732,85): error C2143: syntax error: missing ';' before '{' [D:\project\tutorial\flux\build\flux_core.vcxproj]
D:\project\tutorial\flux\src\parser\parser.cpp(732,85): error C2447: '{': missing function header (old-style formal list?) [D:\project\tutorial\flux\build\flux_core.vcxproj]
D:\project\tutorial\flux\src\parser\parser.cpp(788,1): error C2653: 'ast': is not a class or namespace name [D:\project\tutorial\flux\build\flux_core.vcxproj]
D:\project\tutorial\flux\src\parser\parser.cpp(788,12): error C2653: 'Parser': is not a class or namespace name [D:\project\tutorial\flux\build\flux_core.vcxproj]
D:\project\tutorial\flux\src\parser\parser.cpp(788,6): error C4430: missing type specifier - int assumed. Note: C++ does not support default-int [D:\project\tutorial\flux\build\flux_core.vcxproj]
D:\project\tutorial\flux\src\parser\parser.cpp(788,20): error C2146: syntax error: missing ';' before identifier 'parse_block' [D:\project\tutorial\flux\build\flux_core.vcxproj]
D:\project\tutorial\flux\src\parser\parser.cpp(788,34): error C2143: syntax error: missing ';' before '{' [D:\project\tutorial\flux\build\flux_core.vcxproj]
D:\project\tutorial\flux\src\parser\parser.cpp(788,34): error C2447: '{': missing function header (old-style formal list?) [D:\project\tutorial\flux\build\flux_core.vcxproj]
D:\project\tutorial\flux\src\parser\parser.cpp(803,1): error C2653: 'ast': is not a class or namespace name [D:\project\tutorial\flux\build\flux_core.vcxproj]
D:\project\tutorial\flux\src\parser\parser.cpp(803,14): error C2653: 'Parser': is not a class or namespace name [D:\project\tutorial\flux\build\flux_core.vcxproj]
D:\project\tutorial\flux\src\parser\parser.cpp(803,6): error C4430: missing type specifier - int assumed. Note: C++ does not support default-int [D:\project\tutorial\flux\build\flux_core.vcxproj]
D:\project\tutorial\flux\src\parser\parser.cpp(803,22): error C2146: syntax error: missing ';' before identifier 'parse_statement' [D:\project\tutorial\flux\build\flux_core.vcxproj]
D:\project\tutorial\flux\src\parser\parser.cpp(803,40): error C2143: syntax error: missing ';' before '{' [D:\project\tutorial\flux\build\flux_core.vcxproj]
D:\project\tutorial\flux\src\parser\parser.cpp(803,40): error C2447: '{': missing function header (old-style formal list?) [D:\project\tutorial\flux\build\flux_core.vcxproj]
D:\project\tutorial\flux\src\parser\parser.cpp(912,1): error C2653: 'ast': is not a class or namespace name [D:\project\tutorial\flux\build\flux_core.vcxproj]
D:\project\tutorial\flux\src\parser\parser.cpp(912,14): error C2653: 'Parser': is not a class or namespace name [D:\project\tutorial\flux\build\flux_core.vcxproj]
D:\project\tutorial\flux\src\parser\parser.cpp(912,6): error C4430: missing type specifier - int assumed. Note: C++ does not support default-int [D:\project\tutorial\flux\build\flux_core.vcxproj]
D:\project\tutorial\flux\src\parser\parser.cpp(912,6): error C2086: 'int StmtPtr': redefinition [D:\project\tutorial\flux\build\flux_core.vcxproj]
      D:\project\tutorial\flux\src\parser\parser.cpp(803,6):
      see declaration of 'StmtPtr'
  
D:\project\tutorial\flux\src\parser\parser.cpp(912,22): error C2146: syntax error: missing ';' before identifier 'parse_let_statement' [D:\project\tutorial\flux\build\flux_core.vcxproj]
D:\project\tutorial\flux\src\parser\parser.cpp(912,44): error C2143: syntax error: missing ';' before '{' [D:\project\tutorial\flux\build\flux_core.vcxproj]
D:\project\tutorial\flux\src\parser\parser.cpp(912,44): error C2447: '{': missing function header (old-style formal list?) [D:\project\tutorial\flux\build\flux_core.vcxproj]
D:\project\tutorial\flux\src\parser\parser.cpp(962,1): error C2653: 'ast': is not a class or namespace name [D:\project\tutorial\flux\build\flux_core.vcxproj]
D:\project\tutorial\flux\src\parser\parser.cpp(962,14): error C2653: 'Parser': is not a class or namespace name [D:\project\tutorial\flux\build\flux_core.vcxproj]
D:\project\tutorial\flux\src\parser\parser.cpp(962,6): error C4430: missing type specifier - int assumed. Note: C++ does not support default-int [D:\project\tutorial\flux\build\flux_core.vcxproj]
D:\project\tutorial\flux\src\parser\parser.cpp(962,6): error C2086: 'int StmtPtr': redefinition [D:\project\tutorial\flux\build\flux_core.vcxproj]
      D:\project\tutorial\flux\src\parser\parser.cpp(803,6):
      see declaration of 'StmtPtr'
  
D:\project\tutorial\flux\src\parser\parser.cpp(962,22): error C2146: syntax error: missing ';' before identifier 'parse_if_statement' [D:\project\tutorial\flux\build\flux_core.vcxproj]
D:\project\tutorial\flux\src\parser\parser.cpp(962,43): error C2143: syntax error: missing ';' before '{' [D:\project\tutorial\flux\build\flux_core.vcxproj]
D:\project\tutorial\flux\src\parser\parser.cpp(962,43): error C2447: '{': missing function header (old-style formal list?) [D:\project\tutorial\flux\build\flux_core.vcxproj]
D:\project\tutorial\flux\src\parser\parser.cpp(981,1): error C2653: 'ast': is not a class or namespace name [D:\project\tutorial\flux\build\flux_core.vcxproj]
D:\project\tutorial\flux\src\parser\parser.cpp(981,14): error C2653: 'Parser': is not a class or namespace name [D:\project\tutorial\flux\build\flux_core.vcxproj]
D:\project\tutorial\flux\src\parser\parser.cpp(981,6): error C4430: missing type specifier - int assumed. Note: C++ does not support default-int [D:\project\tutorial\flux\build\flux_core.vcxproj]
D:\project\tutorial\flux\src\parser\parser.cpp(981,6): error C2086: 'int StmtPtr': redefinition [D:\project\tutorial\flux\build\flux_core.vcxproj]
      D:\project\tutorial\flux\src\parser\parser.cpp(803,6):
      see declaration of 'StmtPtr'
  
D:\project\tutorial\flux\src\parser\parser.cpp(981,22): error C2146: syntax error: missing ';' before identifier 'parse_while_statement' [D:\project\tutorial\flux\build\flux_core.vcxproj]
D:\project\tutorial\flux\src\parser\parser.cpp(981,46): error C2143: syntax error: missing ';' before '{' [D:\project\tutorial\flux\build\flux_core.vcxproj]
D:\project\tutorial\flux\src\parser\parser.cpp(981,46): error C2447: '{': missing function header (old-style formal list?) [D:\project\tutorial\flux\build\flux_core.vcxproj]
D:\project\tutorial\flux\src\parser\parser.cpp(989,1): error C2653: 'ast': is not a class or namespace name [D:\project\tutorial\flux\build\flux_core.vcxproj]
D:\project\tutorial\flux\src\parser\parser.cpp(989,14): error C2653: 'Parser': is not a class or namespace name [D:\project\tutorial\flux\build\flux_core.vcxproj]
D:\project\tutorial\flux\src\parser\parser.cpp(989,6): error C4430: missing type specifier - int assumed. Note: C++ does not support default-int [D:\project\tutorial\flux\build\flux_core.vcxproj]
D:\project\tutorial\flux\src\parser\parser.cpp(989,6): error C2086: 'int StmtPtr': redefinition [D:\project\tutorial\flux\build\flux_core.vcxproj]
      D:\project\tutorial\flux\src\parser\parser.cpp(803,6):
      see declaration of 'StmtPtr'
  
D:\project\tutorial\flux\src\parser\parser.cpp(989,22): error C2146: syntax error: missing ';' before identifier 'parse_for_statement' [D:\project\tutorial\flux\build\flux_core.vcxproj]
D:\project\tutorial\flux\src\parser\parser.cpp(989,44): error C2143: syntax error: missing ';' before '{' [D:\project\tutorial\flux\build\flux_core.vcxproj]
D:\project\tutorial\flux\src\parser\parser.cpp(989,44): error C2447: '{': missing function header (old-style formal list?) [D:\project\tutorial\flux\build\flux_core.vcxproj]
D:\project\tutorial\flux\src\parser\parser.cpp(1015,1): error C2653: 'ast': is not a class or namespace name [D:\project\tutorial\flux\build\flux_core.vcxproj]
D:\project\tutorial\flux\src\parser\parser.cpp(1015,14): error C2653: 'Parser': is not a class or namespace name [D:\project\tutorial\flux\build\flux_core.vcxproj]
D:\project\tutorial\flux\src\parser\parser.cpp(1015,6): error C4430: missing type specifier - int assumed. Note: C++ does not support default-int [D:\project\tutorial\flux\build\flux_core.vcxproj]
D:\project\tutorial\flux\src\parser\parser.cpp(1015,6): error C2086: 'int StmtPtr': redefinition [D:\project\tutorial\flux\build\flux_core.vcxproj]
      D:\project\tutorial\flux\src\parser\parser.cpp(803,6):
      see declaration of 'StmtPtr'
  
D:\project\tutorial\flux\src\parser\parser.cpp(1015,22): error C2146: syntax error: missing ';' before identifier 'parse_loop_statement' [D:\project\tutorial\flux\build\flux_core.vcxproj]
D:\project\tutorial\flux\src\parser\parser.cpp(1015,45): error C2143: syntax error: missing ';' before '{' [D:\project\tutorial\flux\build\flux_core.vcxproj]
D:\project\tutorial\flux\src\parser\parser.cpp(1015,45): error C2447: '{': missing function header (old-style formal list?) [D:\project\tutorial\flux\build\flux_core.vcxproj]
D:\project\tutorial\flux\src\parser\parser.cpp(1025,1): error C2653: 'ast': is not a class or namespace name [D:\project\tutorial\flux\build\flux_core.vcxproj]
D:\project\tutorial\flux\src\parser\parser.cpp(1025,14): error C2653: 'Parser': is not a class or namespace name [D:\project\tutorial\flux\build\flux_core.vcxproj]
D:\project\tutorial\flux\src\parser\parser.cpp(1025,6): error C4430: missing type specifier - int assumed. Note: C++ does not support default-int [D:\project\tutorial\flux\build\flux_core.vcxproj]
D:\project\tutorial\flux\src\parser\parser.cpp(1025,6): error C2086: 'int StmtPtr': redefinition [D:\project\tutorial\flux\build\flux_core.vcxproj]
      D:\project\tutorial\flux\src\parser\parser.cpp(803,6):
      see declaration of 'StmtPtr'
  
D:\project\tutorial\flux\src\parser\parser.cpp(1025,22): error C2146: syntax error: missing ';' before identifier 'parse_match_statement' [D:\project\tutorial\flux\build\flux_core.vcxproj]
D:\project\tutorial\flux\src\parser\parser.cpp(1025,46): error C2143: syntax error: missing ';' before '{' [D:\project\tutorial\flux\build\flux_core.vcxproj]
D:\project\tutorial\flux\src\parser\parser.cpp(1025,46): error C2447: '{': missing function header (old-style formal list?) [D:\project\tutorial\flux\build\flux_core.vcxproj]
D:\project\tutorial\flux\src\parser\parser.cpp(1101,1): error C2653: 'ast': is not a class or namespace name [D:\project\tutorial\flux\build\flux_core.vcxproj]
D:\project\tutorial\flux\src\parser\parser.cpp(1101,17): error C2653: 'Parser': is not a class or namespace name [D:\project\tutorial\flux\build\flux_core.vcxproj]
D:\project\tutorial\flux\src\parser\parser.cpp(1101,6): error C4430: missing type specifier - int assumed. Note: C++ does not support default-int [D:\project\tutorial\flux\build\flux_core.vcxproj]
D:\project\tutorial\flux\src\parser\parser.cpp(1101,25): error C2146: syntax error: missing ';' before identifier 'parse_pattern' [D:\project\tutorial\flux\build\flux_core.vcxproj]
D:\project\tutorial\flux\src\parser\parser.cpp(1101,41): error C2143: syntax error: missing ';' before '{' [D:\project\tutorial\flux\build\flux_core.vcxproj]
D:\project\tutorial\flux\src\parser\parser.cpp(1101,41): error C2447: '{': missing function header (old-style formal list?) [D:\project\tutorial\flux\build\flux_core.vcxproj]
D:\project\tutorial\flux\src\parser\parser.cpp(1114,1): error C2653: 'ast': is not a class or namespace name [D:\project\tutorial\flux\build\flux_core.vcxproj]
D:\project\tutorial\flux\src\parser\parser.cpp(1114,17): error C2653: 'Parser': is not a class or namespace name [D:\project\tutorial\flux\build\flux_core.vcxproj]
D:\project\tutorial\flux\src\parser\parser.cpp(1114,6): error C4430: missing type specifier - int assumed. Note: C++ does not support default-int [D:\project\tutorial\flux\build\flux_core.vcxproj]
D:\project\tutorial\flux\src\parser\parser.cpp(1114,6): error C2086: 'int PatternPtr': redefinition [D:\project\tutorial\flux\build\flux_core.vcxproj]
      D:\project\tutorial\flux\src\parser\parser.cpp(1101,6):
      see declaration of 'PatternPtr'
  
D:\project\tutorial\flux\src\parser\parser.cpp(1114,25): error C2146: syntax error: missing ';' before identifier 'parse_range_pattern' [D:\project\tutorial\flux\build\flux_core.vcxproj]
D:\project\tutorial\flux\src\parser\parser.cpp(1114,47): error C2143: syntax error: missing ';' before '{' [D:\project\tutorial\flux\build\flux_core.vcxproj]
D:\project\tutorial\flux\src\parser\parser.cpp(1114,47): error C2447: '{': missing function header (old-style formal list?) [D:\project\tutorial\flux\build\flux_core.vcxproj]
D:\project\tutorial\flux\src\parser\parser.cpp(1134,1): error C2653: 'ast': is not a class or namespace name [D:\project\tutorial\flux\build\flux_core.vcxproj]
D:\project\tutorial\flux\src\parser\parser.cpp(1134,17): error C2653: 'Parser': is not a class or namespace name [D:\project\tutorial\flux\build\flux_core.vcxproj]
D:\project\tutorial\flux\src\parser\parser.cpp(1134,17): error C1003: error count exceeds 100; stopping compilation [D:\project\tutorial\flux\build\flux_core.vcxproj]
